// Vitest Snapshot v1, https://vitest.dev/guide/snapshot.html

exports[`Selector > should render correctly 1`] = `"TestDescribe"`;

exports[`TextCard > should render correctly 1`] = `""`;

exports[`should render correctly 1`] = `"TestDescribe"`;
